// Jest Snapshot v1, https://goo.gl/fbAQLP

exports[`Nav should match the snapshot 1`] = `
ShallowWrapper {
  Symbol(enzyme.__root__): [Circular],
  Symbol(enzyme.__unrendered__): <Nav
    fetchMovies={[MockFunction]}
    logout={[MockFunction]}
    user={
      Object {
        "id": 1,
        "name": "Cole",
      }
    }
  />,
  Symbol(enzyme.__renderer__): Object {
    "batchedUpdates": [Function],
    "checkPropTypes": [Function],
    "getNode": [Function],
    "render": [Function],
    "simulateError": [Function],
    "simulateEvent": [Function],
    "unmount": [Function],
  },
  Symbol(enzyme.__node__): Object {
    "instance": null,
    "key": undefined,
    "nodeType": "host",
    "props": Object {
      "children": Array [
        <h4>
          Welcome Back Cole!
        </h4>,
        <button
          className="nav-btn"
          onClick={[Function]}
        >
          <i
            className="fas fa-angle-left"
          />
           Previous Page
        </button>,
        <NavLink
          activeClassName="active"
          aria-current="page"
          to="/favorites"
        >
          <button>
            My Favorites
          </button>
        </NavLink>,
        <NavLink
          activeClassName="active"
          aria-current="page"
          onClick={[Function]}
          to="/"
        >
          <h1
            className="logo"
          >
            Movie 
            <i
              className="fas fa-film"
            />
             Tracker
          </h1>
        </NavLink>,
        <NavLink
          activeClassName="active"
          aria-current="page"
          to="/"
        >
          <button
            onClick={[MockFunction]}
          >
            Sign Out
          </button>
        </NavLink>,
        <button
          className="nav-btn"
          onClick={[Function]}
        >
          Next Page 
          <i
            className="fas fa-angle-right"
          />
        </button>,
      ],
    },
    "ref": null,
    "rendered": Array [
      Object {
        "instance": null,
        "key": undefined,
        "nodeType": "host",
        "props": Object {
          "children": "Welcome Back Cole!",
        },
        "ref": null,
        "rendered": "Welcome Back Cole!",
        "type": "h4",
      },
      Object {
        "instance": null,
        "key": undefined,
        "nodeType": "host",
        "props": Object {
          "children": Array [
            <i
              className="fas fa-angle-left"
            />,
            " Previous Page",
          ],
          "className": "nav-btn",
          "onClick": [Function],
        },
        "ref": null,
        "rendered": Array [
          Object {
            "instance": null,
            "key": undefined,
            "nodeType": "host",
            "props": Object {
              "className": "fas fa-angle-left",
            },
            "ref": null,
            "rendered": null,
            "type": "i",
          },
          " Previous Page",
        ],
        "type": "button",
      },
      Object {
        "instance": null,
        "key": undefined,
        "nodeType": "function",
        "props": Object {
          "activeClassName": "active",
          "aria-current": "page",
          "children": <button>
            My Favorites
          </button>,
          "to": "/favorites",
        },
        "ref": null,
        "rendered": Object {
          "instance": null,
          "key": undefined,
          "nodeType": "host",
          "props": Object {
            "children": "My Favorites",
          },
          "ref": null,
          "rendered": "My Favorites",
          "type": "button",
        },
        "type": [Function],
      },
      Object {
        "instance": null,
        "key": undefined,
        "nodeType": "function",
        "props": Object {
          "activeClassName": "active",
          "aria-current": "page",
          "children": <h1
            className="logo"
          >
            Movie 
            <i
              className="fas fa-film"
            />
             Tracker
          </h1>,
          "onClick": [Function],
          "to": "/",
        },
        "ref": null,
        "rendered": Object {
          "instance": null,
          "key": undefined,
          "nodeType": "host",
          "props": Object {
            "children": Array [
              "Movie ",
              <i
                className="fas fa-film"
              />,
              " Tracker",
            ],
            "className": "logo",
          },
          "ref": null,
          "rendered": Array [
            "Movie ",
            Object {
              "instance": null,
              "key": undefined,
              "nodeType": "host",
              "props": Object {
                "className": "fas fa-film",
              },
              "ref": null,
              "rendered": null,
              "type": "i",
            },
            " Tracker",
          ],
          "type": "h1",
        },
        "type": [Function],
      },
      Object {
        "instance": null,
        "key": undefined,
        "nodeType": "function",
        "props": Object {
          "activeClassName": "active",
          "aria-current": "page",
          "children": <button
            onClick={[MockFunction]}
          >
            Sign Out
          </button>,
          "to": "/",
        },
        "ref": null,
        "rendered": Object {
          "instance": null,
          "key": undefined,
          "nodeType": "host",
          "props": Object {
            "children": "Sign Out",
            "onClick": [MockFunction],
          },
          "ref": null,
          "rendered": "Sign Out",
          "type": "button",
        },
        "type": [Function],
      },
      Object {
        "instance": null,
        "key": undefined,
        "nodeType": "host",
        "props": Object {
          "children": Array [
            "Next Page ",
            <i
              className="fas fa-angle-right"
            />,
          ],
          "className": "nav-btn",
          "onClick": [Function],
        },
        "ref": null,
        "rendered": Array [
          "Next Page ",
          Object {
            "instance": null,
            "key": undefined,
            "nodeType": "host",
            "props": Object {
              "className": "fas fa-angle-right",
            },
            "ref": null,
            "rendered": null,
            "type": "i",
          },
        ],
        "type": "button",
      },
    ],
    "type": "header",
  },
  Symbol(enzyme.__nodes__): Array [
    Object {
      "instance": null,
      "key": undefined,
      "nodeType": "host",
      "props": Object {
        "children": Array [
          <h4>
            Welcome Back Cole!
          </h4>,
          <button
            className="nav-btn"
            onClick={[Function]}
          >
            <i
              className="fas fa-angle-left"
            />
             Previous Page
          </button>,
          <NavLink
            activeClassName="active"
            aria-current="page"
            to="/favorites"
          >
            <button>
              My Favorites
            </button>
          </NavLink>,
          <NavLink
            activeClassName="active"
            aria-current="page"
            onClick={[Function]}
            to="/"
          >
            <h1
              className="logo"
            >
              Movie 
              <i
                className="fas fa-film"
              />
               Tracker
            </h1>
          </NavLink>,
          <NavLink
            activeClassName="active"
            aria-current="page"
            to="/"
          >
            <button
              onClick={[MockFunction]}
            >
              Sign Out
            </button>
          </NavLink>,
          <button
            className="nav-btn"
            onClick={[Function]}
          >
            Next Page 
            <i
              className="fas fa-angle-right"
            />
          </button>,
        ],
      },
      "ref": null,
      "rendered": Array [
        Object {
          "instance": null,
          "key": undefined,
          "nodeType": "host",
          "props": Object {
            "children": "Welcome Back Cole!",
          },
          "ref": null,
          "rendered": "Welcome Back Cole!",
          "type": "h4",
        },
        Object {
          "instance": null,
          "key": undefined,
          "nodeType": "host",
          "props": Object {
            "children": Array [
              <i
                className="fas fa-angle-left"
              />,
              " Previous Page",
            ],
            "className": "nav-btn",
            "onClick": [Function],
          },
          "ref": null,
          "rendered": Array [
            Object {
              "instance": null,
              "key": undefined,
              "nodeType": "host",
              "props": Object {
                "className": "fas fa-angle-left",
              },
              "ref": null,
              "rendered": null,
              "type": "i",
            },
            " Previous Page",
          ],
          "type": "button",
        },
        Object {
          "instance": null,
          "key": undefined,
          "nodeType": "function",
          "props": Object {
            "activeClassName": "active",
            "aria-current": "page",
            "children": <button>
              My Favorites
            </button>,
            "to": "/favorites",
          },
          "ref": null,
          "rendered": Object {
            "instance": null,
            "key": undefined,
            "nodeType": "host",
            "props": Object {
              "children": "My Favorites",
            },
            "ref": null,
            "rendered": "My Favorites",
            "type": "button",
          },
          "type": [Function],
        },
        Object {
          "instance": null,
          "key": undefined,
          "nodeType": "function",
          "props": Object {
            "activeClassName": "active",
            "aria-current": "page",
            "children": <h1
              className="logo"
            >
              Movie 
              <i
                className="fas fa-film"
              />
               Tracker
            </h1>,
            "onClick": [Function],
            "to": "/",
          },
          "ref": null,
          "rendered": Object {
            "instance": null,
            "key": undefined,
            "nodeType": "host",
            "props": Object {
              "children": Array [
                "Movie ",
                <i
                  className="fas fa-film"
                />,
                " Tracker",
              ],
              "className": "logo",
            },
            "ref": null,
            "rendered": Array [
              "Movie ",
              Object {
                "instance": null,
                "key": undefined,
                "nodeType": "host",
                "props": Object {
                  "className": "fas fa-film",
                },
                "ref": null,
                "rendered": null,
                "type": "i",
              },
              " Tracker",
            ],
            "type": "h1",
          },
          "type": [Function],
        },
        Object {
          "instance": null,
          "key": undefined,
          "nodeType": "function",
          "props": Object {
            "activeClassName": "active",
            "aria-current": "page",
            "children": <button
              onClick={[MockFunction]}
            >
              Sign Out
            </button>,
            "to": "/",
          },
          "ref": null,
          "rendered": Object {
            "instance": null,
            "key": undefined,
            "nodeType": "host",
            "props": Object {
              "children": "Sign Out",
              "onClick": [MockFunction],
            },
            "ref": null,
            "rendered": "Sign Out",
            "type": "button",
          },
          "type": [Function],
        },
        Object {
          "instance": null,
          "key": undefined,
          "nodeType": "host",
          "props": Object {
            "children": Array [
              "Next Page ",
              <i
                className="fas fa-angle-right"
              />,
            ],
            "className": "nav-btn",
            "onClick": [Function],
          },
          "ref": null,
          "rendered": Array [
            "Next Page ",
            Object {
              "instance": null,
              "key": undefined,
              "nodeType": "host",
              "props": Object {
                "className": "fas fa-angle-right",
              },
              "ref": null,
              "rendered": null,
              "type": "i",
            },
          ],
          "type": "button",
        },
      ],
      "type": "header",
    },
  ],
  Symbol(enzyme.__options__): Object {
    "adapter": ReactSixteenAdapter {
      "options": Object {
        "enableComponentDidUpdateOnSetState": true,
        "legacyContextMode": "parent",
        "lifecycles": Object {
          "componentDidUpdate": Object {
            "onSetState": true,
          },
          "getChildContext": Object {
            "calledByRenderer": false,
          },
          "getDerivedStateFromError": true,
          "getDerivedStateFromProps": Object {
            "hasShouldComponentUpdateBug": false,
          },
          "getSnapshotBeforeUpdate": true,
          "setState": Object {
            "skipsComponentDidUpdateOnNullish": true,
          },
        },
      },
    },
  },
  Symbol(enzyme.__childContext__): null,
}
`;
