// Jest Snapshot v1, https://goo.gl/fbAQLP

exports[`Card should match the snapshot 1`] = `
ShallowWrapper {
  Symbol(enzyme.__root__): [Circular],
  Symbol(enzyme.__unrendered__): <Card
    favorites={
      Array [
        Object {
          "title": "movie1",
        },
        Object {
          "title": "movie2",
        },
      ]
    }
    movie={
      Object {
        "title": "movie1",
      }
    }
    user={
      Object {
        "id": 1,
        "name": "Taylor",
      }
    }
  />,
  Symbol(enzyme.__renderer__): Object {
    "batchedUpdates": [Function],
    "getNode": [Function],
    "render": [Function],
    "simulateError": [Function],
    "simulateEvent": [Function],
    "unmount": [Function],
  },
  Symbol(enzyme.__node__): Object {
    "instance": null,
    "key": undefined,
    "nodeType": "host",
    "props": Object {
      "children": Array [
        <button
          className="favorite-movie favorite-btn"
          data-tooltip={null}
          disabled={false}
          onClick={[Function]}
        >
          Favorite
        </button>,
        <article
          className="card-text"
        >
          <h1
            className="movie-title"
          >
            movie1
          </h1>
          <p>
             
             
          </p>
        </article>,
        <article
          className="poster"
        >
          <img
            src="https://image.tmdb.org/t/p/w500/undefined"
          />
        </article>,
      ],
      "className": "movie-card",
    },
    "ref": null,
    "rendered": Array [
      Object {
        "instance": null,
        "key": undefined,
        "nodeType": "host",
        "props": Object {
          "children": "Favorite",
          "className": "favorite-movie favorite-btn",
          "data-tooltip": null,
          "disabled": false,
          "onClick": [Function],
        },
        "ref": null,
        "rendered": "Favorite",
        "type": "button",
      },
      Object {
        "instance": null,
        "key": undefined,
        "nodeType": "host",
        "props": Object {
          "children": Array [
            <h1
              className="movie-title"
            >
              movie1
            </h1>,
            <p>
               
               
            </p>,
          ],
          "className": "card-text",
        },
        "ref": null,
        "rendered": Array [
          Object {
            "instance": null,
            "key": undefined,
            "nodeType": "host",
            "props": Object {
              "children": "movie1",
              "className": "movie-title",
            },
            "ref": null,
            "rendered": "movie1",
            "type": "h1",
          },
          Object {
            "instance": null,
            "key": undefined,
            "nodeType": "host",
            "props": Object {
              "children": Array [
                " ",
                undefined,
                " ",
              ],
            },
            "ref": null,
            "rendered": Array [
              " ",
              undefined,
              " ",
            ],
            "type": "p",
          },
        ],
        "type": "article",
      },
      Object {
        "instance": null,
        "key": undefined,
        "nodeType": "host",
        "props": Object {
          "children": <img
            src="https://image.tmdb.org/t/p/w500/undefined"
          />,
          "className": "poster",
        },
        "ref": null,
        "rendered": Object {
          "instance": null,
          "key": undefined,
          "nodeType": "host",
          "props": Object {
            "src": "https://image.tmdb.org/t/p/w500/undefined",
          },
          "ref": null,
          "rendered": null,
          "type": "img",
        },
        "type": "article",
      },
    ],
    "type": "div",
  },
  Symbol(enzyme.__nodes__): Array [
    Object {
      "instance": null,
      "key": undefined,
      "nodeType": "host",
      "props": Object {
        "children": Array [
          <button
            className="favorite-movie favorite-btn"
            data-tooltip={null}
            disabled={false}
            onClick={[Function]}
          >
            Favorite
          </button>,
          <article
            className="card-text"
          >
            <h1
              className="movie-title"
            >
              movie1
            </h1>
            <p>
               
               
            </p>
          </article>,
          <article
            className="poster"
          >
            <img
              src="https://image.tmdb.org/t/p/w500/undefined"
            />
          </article>,
        ],
        "className": "movie-card",
      },
      "ref": null,
      "rendered": Array [
        Object {
          "instance": null,
          "key": undefined,
          "nodeType": "host",
          "props": Object {
            "children": "Favorite",
            "className": "favorite-movie favorite-btn",
            "data-tooltip": null,
            "disabled": false,
            "onClick": [Function],
          },
          "ref": null,
          "rendered": "Favorite",
          "type": "button",
        },
        Object {
          "instance": null,
          "key": undefined,
          "nodeType": "host",
          "props": Object {
            "children": Array [
              <h1
                className="movie-title"
              >
                movie1
              </h1>,
              <p>
                 
                 
              </p>,
            ],
            "className": "card-text",
          },
          "ref": null,
          "rendered": Array [
            Object {
              "instance": null,
              "key": undefined,
              "nodeType": "host",
              "props": Object {
                "children": "movie1",
                "className": "movie-title",
              },
              "ref": null,
              "rendered": "movie1",
              "type": "h1",
            },
            Object {
              "instance": null,
              "key": undefined,
              "nodeType": "host",
              "props": Object {
                "children": Array [
                  " ",
                  undefined,
                  " ",
                ],
              },
              "ref": null,
              "rendered": Array [
                " ",
                undefined,
                " ",
              ],
              "type": "p",
            },
          ],
          "type": "article",
        },
        Object {
          "instance": null,
          "key": undefined,
          "nodeType": "host",
          "props": Object {
            "children": <img
              src="https://image.tmdb.org/t/p/w500/undefined"
            />,
            "className": "poster",
          },
          "ref": null,
          "rendered": Object {
            "instance": null,
            "key": undefined,
            "nodeType": "host",
            "props": Object {
              "src": "https://image.tmdb.org/t/p/w500/undefined",
            },
            "ref": null,
            "rendered": null,
            "type": "img",
          },
          "type": "article",
        },
      ],
      "type": "div",
    },
  ],
  Symbol(enzyme.__options__): Object {
    "adapter": ReactSixteenAdapter {
      "options": Object {
        "enableComponentDidUpdateOnSetState": true,
        "lifecycles": Object {
          "componentDidUpdate": Object {
            "onSetState": true,
          },
          "getDerivedStateFromProps": true,
          "getSnapshotBeforeUpdate": true,
          "setState": Object {
            "skipsComponentDidUpdateOnNullish": true,
          },
        },
      },
    },
  },
}
`;
